../Core/Src/main.c:96:6:HAL_ADC_ConvCpltCallback	8
../Core/Src/main.c:136:5:main	1
../Core/Src/main.c:229:6:SystemClock_Config	3
../Core/Src/main.c:275:13:MX_ADC1_Init	3
../Core/Src/main.c:327:13:MX_ADC2_Init	3
../Core/Src/main.c:379:13:MX_CRC_Init	2
../Core/Src/main.c:405:13:MX_DMA2D_Init	3
../Core/Src/main.c:442:13:MX_I2C3_Init	4
../Core/Src/main.c:490:13:MX_LTDC_Init	3
../Core/Src/main.c:552:13:MX_SPI5_Init	2
../Core/Src/main.c:590:13:MX_TIM1_Init	4
../Core/Src/main.c:636:13:MX_USART1_UART_Init	2
../Core/Src/main.c:665:13:MX_FMC_Init	2
../Core/Src/main.c:716:13:MX_GPIO_Init	1
../Core/Src/main.c:811:6:StartDefaultTask	1
../Core/Src/main.c:836:6:HAL_TIM_PeriodElapsedCallback	2
../Core/Src/main.c:853:6:Error_Handler	1
