C:/TouchGFXProjects/2048_Game/Core/Src/main.c:994:13:SPI5_Write	16	static
C:/TouchGFXProjects/2048_Game/Core/Src/main.c:1097:6:StartDefaultTask	8	static
C:/TouchGFXProjects/2048_Game/Core/Src/main.c:159:6:HAL_ADC_ConvCpltCallback	16	static
C:/TouchGFXProjects/2048_Game/Core/Src/main.c:289:6:SystemClock_Config	96	static
C:/TouchGFXProjects/2048_Game/Core/Src/main.c:194:5:main	120	static
C:/TouchGFXProjects/2048_Game/Core/Src/main.c:850:6:IOE_Init	0	static
C:/TouchGFXProjects/2048_Game/Core/Src/main.c:858:6:IOE_ITConfig	0	static
C:/TouchGFXProjects/2048_Game/Core/Src/main.c:869:6:IOE_Write	32	static
C:/TouchGFXProjects/2048_Game/Core/Src/main.c:879:9:IOE_Read	32	static
C:/TouchGFXProjects/2048_Game/Core/Src/main.c:891:10:IOE_ReadMultiple	24	static
C:/TouchGFXProjects/2048_Game/Core/Src/main.c:900:6:IOE_Delay	0	static
C:/TouchGFXProjects/2048_Game/Core/Src/main.c:1016:6:LCD_IO_Init	8	static
C:/TouchGFXProjects/2048_Game/Core/Src/main.c:1025:6:LCD_IO_WriteData	16	static
C:/TouchGFXProjects/2048_Game/Core/Src/main.c:1040:6:LCD_IO_WriteReg	16	static
C:/TouchGFXProjects/2048_Game/Core/Src/main.c:1058:10:LCD_IO_ReadData	32	static
C:/TouchGFXProjects/2048_Game/Core/Src/main.c:1084:6:LCD_Delay	0	static
C:/TouchGFXProjects/2048_Game/Core/Src/main.c:1119:6:HAL_TIM_PeriodElapsedCallback	0	static
C:/TouchGFXProjects/2048_Game/Core/Src/main.c:1137:6:Error_Handler	0	static
