D:/Hust/2024_2/Embeded/2048-Remake/Core/Src/main.c:1035:13:SPI5_Write	1
D:/Hust/2024_2/Embeded/2048-Remake/Core/Src/main.c:1147:6:StartDefaultTask	1
D:/Hust/2024_2/Embeded/2048-Remake/Core/Src/main.c:1163:6:JoystickTaskFunction	1
D:/Hust/2024_2/Embeded/2048-Remake/Core/Src/main.c:274:6:SystemClock_Config	1
D:/Hust/2024_2/Embeded/2048-Remake/Core/Src/main.c:170:5:main	2
D:/Hust/2024_2/Embeded/2048-Remake/Core/Src/main.c:879:6:IOE_Init	1
D:/Hust/2024_2/Embeded/2048-Remake/Core/Src/main.c:888:6:IOE_ITConfig	1
D:/Hust/2024_2/Embeded/2048-Remake/Core/Src/main.c:900:6:IOE_Write	1
D:/Hust/2024_2/Embeded/2048-Remake/Core/Src/main.c:911:9:IOE_Read	1
D:/Hust/2024_2/Embeded/2048-Remake/Core/Src/main.c:924:10:IOE_ReadMultiple	1
D:/Hust/2024_2/Embeded/2048-Remake/Core/Src/main.c:933:6:IOE_Delay	1
D:/Hust/2024_2/Embeded/2048-Remake/Core/Src/main.c:1061:6:LCD_IO_Init	1
D:/Hust/2024_2/Embeded/2048-Remake/Core/Src/main.c:1071:6:LCD_IO_WriteData	1
D:/Hust/2024_2/Embeded/2048-Remake/Core/Src/main.c:1087:6:LCD_IO_WriteReg	1
D:/Hust/2024_2/Embeded/2048-Remake/Core/Src/main.c:1106:10:LCD_IO_ReadData	1
D:/Hust/2024_2/Embeded/2048-Remake/Core/Src/main.c:1133:6:LCD_Delay	1
D:/Hust/2024_2/Embeded/2048-Remake/Core/Src/main.c:1183:6:HAL_TIM_PeriodElapsedCallback	2
D:/Hust/2024_2/Embeded/2048-Remake/Core/Src/main.c:1201:6:Error_Handler	1
