C:/TouchGFXProjects/2048_Game/2048-Remake/Core/Src/main.c:1008:13:SPI5_Write	16	static
C:/TouchGFXProjects/2048_Game/2048-Remake/Core/Src/main.c:1120:6:StartDefaultTask	8	static
C:/TouchGFXProjects/2048_Game/2048-Remake/Core/Src/main.c:156:6:HAL_ADC_ConvCpltCallback	16	static
C:/TouchGFXProjects/2048_Game/2048-Remake/Core/Src/main.c:291:6:SystemClock_Config	96	static
C:/TouchGFXProjects/2048_Game/2048-Remake/Core/Src/main.c:196:5:main	120	static
C:/TouchGFXProjects/2048_Game/2048-Remake/Core/Src/main.c:852:6:IOE_Init	0	static
C:/TouchGFXProjects/2048_Game/2048-Remake/Core/Src/main.c:861:6:IOE_ITConfig	0	static
C:/TouchGFXProjects/2048_Game/2048-Remake/Core/Src/main.c:873:6:IOE_Write	32	static
C:/TouchGFXProjects/2048_Game/2048-Remake/Core/Src/main.c:884:9:IOE_Read	32	static
C:/TouchGFXProjects/2048_Game/2048-Remake/Core/Src/main.c:897:10:IOE_ReadMultiple	24	static
C:/TouchGFXProjects/2048_Game/2048-Remake/Core/Src/main.c:906:6:IOE_Delay	0	static
C:/TouchGFXProjects/2048_Game/2048-Remake/Core/Src/main.c:1034:6:LCD_IO_Init	8	static
C:/TouchGFXProjects/2048_Game/2048-Remake/Core/Src/main.c:1044:6:LCD_IO_WriteData	16	static
C:/TouchGFXProjects/2048_Game/2048-Remake/Core/Src/main.c:1060:6:LCD_IO_WriteReg	16	static
C:/TouchGFXProjects/2048_Game/2048-Remake/Core/Src/main.c:1079:10:LCD_IO_ReadData	32	static
C:/TouchGFXProjects/2048_Game/2048-Remake/Core/Src/main.c:1106:6:LCD_Delay	0	static
C:/TouchGFXProjects/2048_Game/2048-Remake/Core/Src/main.c:1143:6:HAL_TIM_PeriodElapsedCallback	0	static
C:/TouchGFXProjects/2048_Game/2048-Remake/Core/Src/main.c:1161:6:Error_Handler	0	static
