../../Middlewares/ST/touchgfx/framework/include/touchgfx/Drawable.hpp:315:18:virtual void touchgfx::Drawable::setX(int16_t)	0	static
../../Middlewares/ST/touchgfx/framework/include/touchgfx/Drawable.hpp:327:18:virtual void touchgfx::Drawable::setY(int16_t)	0	static
../../Middlewares/ST/touchgfx/framework/include/touchgfx/Drawable.hpp:356:18:virtual void touchgfx::Drawable::setWidth(int16_t)	0	static
../../Middlewares/ST/touchgfx/framework/include/touchgfx/Drawable.hpp:368:18:virtual void touchgfx::Drawable::setHeight(int16_t)	0	static
../../Middlewares/ST/touchgfx/framework/include/touchgfx/Drawable.hpp:378:18:virtual void touchgfx::Drawable::childGeometryChanged()	0	static
../../Middlewares/ST/touchgfx/framework/include/touchgfx/Drawable.hpp:389:18:virtual void touchgfx::Drawable::handleClickEvent(const touchgfx::ClickEvent&)	0	static
../../Middlewares/ST/touchgfx/framework/include/touchgfx/Drawable.hpp:401:18:virtual void touchgfx::Drawable::handleGestureEvent(const touchgfx::GestureEvent&)	0	static
../../Middlewares/ST/touchgfx/framework/include/touchgfx/Drawable.hpp:490:18:virtual void touchgfx::Drawable::handleDragEvent(const touchgfx::DragEvent&)	0	static
../../Middlewares/ST/touchgfx/framework/include/touchgfx/Drawable.hpp:501:18:virtual void touchgfx::Drawable::handleTickEvent()	0	static
../../Middlewares/ST/touchgfx/framework/include/touchgfx/Drawable.hpp:588:18:virtual void touchgfx::Drawable::moveTo(int16_t, int16_t)	4	static
../../Middlewares/ST/touchgfx/framework/include/touchgfx/containers/Container.hpp:165:23:virtual touchgfx::Drawable* touchgfx::Container::getFirstChild()	0	static
../../TouchGFX/gui/include/gui/containers/Board.hpp:10:13:Board::~Board()	8	static
../../TouchGFX/gui/include/gui/containers/Board.hpp:10:13:virtual Board::~Board()	8	static
../../Middlewares/ST/touchgfx/framework/include/touchgfx/Drawable.hpp:121:18:virtual void touchgfx::Drawable::invalidateContent() const	0	static
C:/TouchGFXProjects/2048_Game/TouchGFX/gui/src/containers/Board.cpp:8:1:Board::Board()	8	static
C:/TouchGFXProjects/2048_Game/TouchGFX/gui/src/containers/Board.cpp:32:5:int Board::getValue(int, int) const	0	static
C:/TouchGFXProjects/2048_Game/TouchGFX/gui/src/containers/Board.cpp:53:6:bool Board::moveLeft()	20	static
C:/TouchGFXProjects/2048_Game/TouchGFX/gui/src/containers/Board.cpp:81:6:bool Board::moveRight()	20	static
C:/TouchGFXProjects/2048_Game/TouchGFX/gui/src/containers/Board.cpp:109:6:bool Board::moveUp()	20	static
C:/TouchGFXProjects/2048_Game/TouchGFX/gui/src/containers/Board.cpp:137:6:bool Board::moveDown()	20	static
C:/TouchGFXProjects/2048_Game/TouchGFX/gui/src/containers/Board.cpp:165:6:bool Board::canMove()	12	static
C:/TouchGFXProjects/2048_Game/TouchGFX/gui/src/containers/Board.cpp:179:5:int Board::getScore()	0	static
C:/TouchGFXProjects/2048_Game/TouchGFX/gui/src/containers/Board.cpp:189:22:touchgfx::Container* Board::getContainer(int, int)	0	static
C:/TouchGFXProjects/2048_Game/TouchGFX/gui/src/containers/Board.cpp:229:36:touchgfx::TextAreaWithOneWildcard* Board::getTextArea(int, int)	0	static
C:/TouchGFXProjects/2048_Game/TouchGFX/gui/src/containers/Board.cpp:17:6:void Board::updateDisplay(int, int, int)	24	static
C:\ST\STM32CubeIDE_1.17.0\STM32CubeIDE\plugins\com.st.stm32cube.ide.mcu.externaltools.gnu-tools-for-stm32.12.3.rel1.win32_1.1.0.202410251130\tools\bin/../lib/gcc/arm-none-eabi/12.3.1/../../../../arm-none-eabi/include/c++/12.3.1/bits/vector.tcc:439:7:) [with _Args = {std::pair<int, int>}; _Tp = std::pair<int, int>; _Alloc = std::allocator<std::pair<int, int> >]	40	static
C:/TouchGFXProjects/2048_Game/TouchGFX/gui/src/containers/Board.cpp:36:6:void Board::addRandomTile()	56	static
C:/TouchGFXProjects/2048_Game/TouchGFX/gui/src/containers/Board.cpp:267:1:cpp)	0	static
C:/TouchGFXProjects/2048_Game/TouchGFX/gui/src/containers/Board.cpp:267:1:cpp)	0	static
C:/TouchGFXProjects/2048_Game/TouchGFX/gui/src/containers/Board.cpp:13:6:virtual void Board::initialize()	0	static
