../../Middlewares/ST/touchgfx/framework/include/touchgfx/Drawable.hpp:315:18:virtual void touchgfx::Drawable::setX(int16_t)	0	static
../../Middlewares/ST/touchgfx/framework/include/touchgfx/Drawable.hpp:327:18:virtual void touchgfx::Drawable::setY(int16_t)	0	static
../../Middlewares/ST/touchgfx/framework/include/touchgfx/Drawable.hpp:356:18:virtual void touchgfx::Drawable::setWidth(int16_t)	0	static
../../Middlewares/ST/touchgfx/framework/include/touchgfx/Drawable.hpp:368:18:virtual void touchgfx::Drawable::setHeight(int16_t)	0	static
../../Middlewares/ST/touchgfx/framework/include/touchgfx/Drawable.hpp:378:18:virtual void touchgfx::Drawable::childGeometryChanged()	0	static
../../Middlewares/ST/touchgfx/framework/include/touchgfx/Drawable.hpp:389:18:virtual void touchgfx::Drawable::handleClickEvent(const touchgfx::ClickEvent&)	0	static
../../Middlewares/ST/touchgfx/framework/include/touchgfx/Drawable.hpp:401:18:virtual void touchgfx::Drawable::handleGestureEvent(const touchgfx::GestureEvent&)	0	static
../../Middlewares/ST/touchgfx/framework/include/touchgfx/Drawable.hpp:490:18:virtual void touchgfx::Drawable::handleDragEvent(const touchgfx::DragEvent&)	0	static
../../Middlewares/ST/touchgfx/framework/include/touchgfx/Drawable.hpp:501:18:virtual void touchgfx::Drawable::handleTickEvent()	0	static
../../Middlewares/ST/touchgfx/framework/include/touchgfx/Drawable.hpp:588:18:virtual void touchgfx::Drawable::moveTo(int16_t, int16_t)	4	static
../../Middlewares/ST/touchgfx/framework/include/touchgfx/containers/Container.hpp:165:23:virtual touchgfx::Drawable* touchgfx::Container::getFirstChild()	0	static
../../TouchGFX/gui/include/gui/containers/Board.hpp:10:13:Board::~Board()	8	static
../../TouchGFX/gui/include/gui/containers/Board.hpp:10:13:virtual Board::~Board()	8	static
../../Middlewares/ST/touchgfx/framework/include/touchgfx/Drawable.hpp:121:18:virtual void touchgfx::Drawable::invalidateContent() const	0	static
C:/TouchGFXProjects/2048_Game/TouchGFX/gui/src/containers/Board.cpp:8:1:Board::Board()	8	static
C:/TouchGFXProjects/2048_Game/TouchGFX/gui/src/containers/Board.cpp:35:5:int Board::getValue(int, int) const	0	static
C:/TouchGFXProjects/2048_Game/TouchGFX/gui/src/containers/Board.cpp:56:22:touchgfx::Container* Board::getContainer(int, int)	0	static
C:/TouchGFXProjects/2048_Game/TouchGFX/gui/src/containers/Board.cpp:80:36:touchgfx::TextAreaWithOneWildcard* Board::getTextArea(int, int)	0	static
C:/TouchGFXProjects/2048_Game/TouchGFX/gui/src/containers/Board.cpp:19:6:void Board::updateDisplay(int, int, int)	24	static
C:/TouchGFXProjects/2048_Game/TouchGFX/gui/src/containers/Board.cpp:102:1:cpp)	0	static
C:/TouchGFXProjects/2048_Game/TouchGFX/gui/src/containers/Board.cpp:102:1:cpp)	0	static
C:/TouchGFXProjects/2048_Game/TouchGFX/gui/src/containers/Board.cpp:14:6:virtual void Board::initialize()	0	static
