../../Middlewares/ST/touchgfx/framework/include/touchgfx/Drawable.hpp:315:18:virtual void touchgfx::Drawable::setX(int16_t)	0	static
../../Middlewares/ST/touchgfx/framework/include/touchgfx/Drawable.hpp:327:18:virtual void touchgfx::Drawable::setY(int16_t)	0	static
../../Middlewares/ST/touchgfx/framework/include/touchgfx/Drawable.hpp:356:18:virtual void touchgfx::Drawable::setWidth(int16_t)	0	static
../../Middlewares/ST/touchgfx/framework/include/touchgfx/Drawable.hpp:368:18:virtual void touchgfx::Drawable::setHeight(int16_t)	0	static
../../Middlewares/ST/touchgfx/framework/include/touchgfx/Drawable.hpp:378:18:virtual void touchgfx::Drawable::childGeometryChanged()	0	static
../../Middlewares/ST/touchgfx/framework/include/touchgfx/Drawable.hpp:389:18:virtual void touchgfx::Drawable::handleClickEvent(const touchgfx::ClickEvent&)	0	static
../../Middlewares/ST/touchgfx/framework/include/touchgfx/Drawable.hpp:401:18:virtual void touchgfx::Drawable::handleGestureEvent(const touchgfx::GestureEvent&)	0	static
../../Middlewares/ST/touchgfx/framework/include/touchgfx/Drawable.hpp:490:18:virtual void touchgfx::Drawable::handleDragEvent(const touchgfx::DragEvent&)	0	static
../../Middlewares/ST/touchgfx/framework/include/touchgfx/Drawable.hpp:501:18:virtual void touchgfx::Drawable::handleTickEvent()	0	static
../../Middlewares/ST/touchgfx/framework/include/touchgfx/Drawable.hpp:588:18:virtual void touchgfx::Drawable::moveTo(int16_t, int16_t)	4	static
../../Middlewares/ST/touchgfx/framework/include/touchgfx/containers/Container.hpp:165:23:virtual touchgfx::Drawable* touchgfx::Container::getFirstChild()	0	static
../../TouchGFX/gui/include/gui/containers/Board.hpp:9:10:Board::~Board()	8	static
../../TouchGFX/gui/include/gui/containers/Board.hpp:9:10:virtual Board::~Board()	8	static
../../Middlewares/ST/touchgfx/framework/include/touchgfx/Drawable.hpp:121:18:virtual void touchgfx::Drawable::invalidateContent() const	0	static
C:/TouchGFXProjects/2048_Game/2048-Remake/TouchGFX/gui/src/containers/Board.cpp:18:6:void Board::mySrand(uint32_t)	0	static
C:/TouchGFXProjects/2048_Game/2048-Remake/TouchGFX/gui/src/containers/Board.cpp:22:10:uint32_t Board::myRand()	0	static
C:/TouchGFXProjects/2048_Game/2048-Remake/TouchGFX/gui/src/containers/Board.cpp:50:5:int Board::getValue(int, int) const	0	static
C:/TouchGFXProjects/2048_Game/2048-Remake/TouchGFX/gui/src/containers/Board.cpp:54:6:void Board::randomTile()	152	static
C:/TouchGFXProjects/2048_Game/2048-Remake/TouchGFX/gui/src/containers/Board.cpp:8:1:Board::Board()	8	static
C:/TouchGFXProjects/2048_Game/2048-Remake/TouchGFX/gui/src/containers/Board.cpp:79:6:bool Board::moveLeft()	20	static
C:/TouchGFXProjects/2048_Game/2048-Remake/TouchGFX/gui/src/containers/Board.cpp:129:6:bool Board::moveRight()	24	static
C:/TouchGFXProjects/2048_Game/2048-Remake/TouchGFX/gui/src/containers/Board.cpp:179:6:bool Board::moveUp()	24	static
C:/TouchGFXProjects/2048_Game/2048-Remake/TouchGFX/gui/src/containers/Board.cpp:229:6:bool Board::moveDown()	24	static
C:/TouchGFXProjects/2048_Game/2048-Remake/TouchGFX/gui/src/containers/Board.cpp:279:6:bool Board::canMove()	12	static
C:/TouchGFXProjects/2048_Game/2048-Remake/TouchGFX/gui/src/containers/Board.cpp:293:6:void Board::clearBoard()	0	static
C:/TouchGFXProjects/2048_Game/2048-Remake/TouchGFX/gui/src/containers/Board.cpp:301:5:int Board::getScore()	0	static
C:/TouchGFXProjects/2048_Game/2048-Remake/TouchGFX/gui/src/containers/Board.cpp:311:22:touchgfx::Container* Board::getContainer(int, int)	0	static
C:/TouchGFXProjects/2048_Game/2048-Remake/TouchGFX/gui/src/containers/Board.cpp:351:36:touchgfx::TextAreaWithOneWildcard* Board::getTextArea(int, int)	0	static
C:/TouchGFXProjects/2048_Game/2048-Remake/TouchGFX/gui/src/containers/Board.cpp:27:6:void Board::updateDisplay(int, int, int)	24	static
C:/TouchGFXProjects/2048_Game/2048-Remake/TouchGFX/gui/src/containers/Board.cpp:13:6:virtual void Board::initialize()	8	static
