../../Middlewares/ST/touchgfx/framework/include/touchgfx/Application.hpp:91:18:virtual void touchgfx::Application::appSwitchScreen(uint8_t)	0	static
../../Middlewares/ST/touchgfx/framework/include/touchgfx/Application.hpp:104:18:virtual void touchgfx::Application::requestRedraw(touchgfx::Rect&)	0	static
../../TouchGFX/gui/include/gui/common/FrontendApplication.hpp:14:13:FrontendApplication::~FrontendApplication()	0	static
../../TouchGFX/generated/gui_generated/include/gui_generated/common/FrontendApplicationBase.hpp:18:18:virtual void FrontendApplicationBase::changeToStartScreen()	0	static
../../TouchGFX/gui/include/gui/common/FrontendApplication.hpp:14:13:virtual FrontendApplication::~FrontendApplication()	8	static
../../TouchGFX/gui/include/gui/common/FrontendApplication.hpp:16:18:virtual void FrontendApplication::handleTickEvent()	8	static
../../Middlewares/ST/touchgfx/framework/include/mvp/MVPApplication.hpp:59:18:virtual void touchgfx::MVPApplication::handlePendingScreenTransition()	8	static
D:/Hust/2024_2/Embeded/2048-Remake/TouchGFX/gui/src/common/FrontendApplication.cpp:6:1:FrontendApplication::FrontendApplication(Model&, FrontendHeap&)	8	static
D:/Hust/2024_2/Embeded/2048-Remake/TouchGFX/gui/src/common/FrontendApplication.cpp:21:6:void FrontendApplication::updateHighestScore(int)	0	static
D:/Hust/2024_2/Embeded/2048-Remake/TouchGFX/gui/src/common/FrontendApplication.cpp:12:6:void FrontendApplication::setEndGameData(int, bool)	0	static
