../../Middlewares/ST/touchgfx/framework/include/touchgfx/Screen.hpp:104:18:virtual void touchgfx::Screen::afterTransition()	0	static
../../Middlewares/ST/touchgfx/framework/include/touchgfx/Screen.hpp:154:18:virtual void touchgfx::Screen::handleKeyEvent(uint8_t)	0	static
C:/TouchGFXProjects/2048_Game/2048-Remake/TouchGFX/gui/src/screen1_screen/Screen1View.cpp:33:6:virtual void Screen1View::tearDownScreen()	0	static
../../TouchGFX/gui/include/gui/screen1_screen/Screen1View.hpp:11:13:Screen1View::~Screen1View()	8	static
../../TouchGFX/gui/include/gui/screen1_screen/Screen1View.hpp:11:13:virtual Screen1View::~Screen1View()	8	static
C:/TouchGFXProjects/2048_Game/2048-Remake/TouchGFX/gui/src/screen1_screen/Screen1View.cpp:7:1:Screen1View::Screen1View()	8	static
C:/TouchGFXProjects/2048_Game/2048-Remake/TouchGFX/gui/src/screen1_screen/Screen1View.cpp:11:14:Screen1View* getInstance()	0	static
C:/TouchGFXProjects/2048_Game/2048-Remake/TouchGFX/gui/src/screen1_screen/Screen1View.cpp:37:6:void Screen1View::handleJoystickUp()	24	static
C:/TouchGFXProjects/2048_Game/2048-Remake/TouchGFX/gui/src/screen1_screen/Screen1View.cpp:54:6:void Screen1View::handleJoystickDown()	24	static
C:/TouchGFXProjects/2048_Game/2048-Remake/TouchGFX/gui/src/screen1_screen/Screen1View.cpp:71:6:void Screen1View::handleJoystickLeft()	24	static
C:/TouchGFXProjects/2048_Game/2048-Remake/TouchGFX/gui/src/screen1_screen/Screen1View.cpp:88:6:void Screen1View::handleJoystickRight()	24	static
C:/TouchGFXProjects/2048_Game/2048-Remake/TouchGFX/gui/src/screen1_screen/Screen1View.cpp:126:6:virtual void Screen1View::tickEvent()	24	static
C:/TouchGFXProjects/2048_Game/2048-Remake/TouchGFX/gui/src/screen1_screen/Screen1View.cpp:20:6:virtual void Screen1View::setupScreen()	24	static
C:/TouchGFXProjects/2048_Game/2048-Remake/TouchGFX/gui/src/screen1_screen/Screen1View.cpp:105:6:void Screen1View::handleResetGame()	16	static
C:/TouchGFXProjects/2048_Game/2048-Remake/TouchGFX/gui/src/screen1_screen/Screen1View.cpp:15:13:void resetGameCallback()	0	static
C:/TouchGFXProjects/2048_Game/2048-Remake/TouchGFX/gui/src/screen1_screen/Screen1View.cpp:123:6:virtual void Screen1View::handleTickEvent()	0	static
