../../Middlewares/ST/touchgfx/framework/include/touchgfx/Screen.hpp:104:18:virtual void touchgfx::Screen::afterTransition()	0	static
../../Middlewares/ST/touchgfx/framework/include/touchgfx/Screen.hpp:154:18:virtual void touchgfx::Screen::handleKeyEvent(uint8_t)	0	static
C:/TouchGFXProjects/2048_Game/TouchGFX/gui/src/screen1_screen/Screen1View.cpp:31:6:virtual void Screen1View::tearDownScreen()	0	static
../../TouchGFX/gui/include/gui/screen1_screen/Screen1View.hpp:11:13:Screen1View::~Screen1View()	8	static
../../TouchGFX/gui/include/gui/screen1_screen/Screen1View.hpp:11:13:virtual Screen1View::~Screen1View()	8	static
C:/TouchGFXProjects/2048_Game/TouchGFX/gui/src/screen1_screen/Screen1View.cpp:5:1:Screen1View::Screen1View()	8	static
C:/TouchGFXProjects/2048_Game/TouchGFX/gui/src/screen1_screen/Screen1View.cpp:9:14:Screen1View* getInstance()	0	static
C:/TouchGFXProjects/2048_Game/TouchGFX/gui/src/screen1_screen/Screen1View.cpp:35:6:void Screen1View::handleJoystickUp()	24	static
C:/TouchGFXProjects/2048_Game/TouchGFX/gui/src/screen1_screen/Screen1View.cpp:52:6:void Screen1View::handleJoystickDown()	24	static
C:/TouchGFXProjects/2048_Game/TouchGFX/gui/src/screen1_screen/Screen1View.cpp:69:6:void Screen1View::handleJoystickLeft()	24	static
C:/TouchGFXProjects/2048_Game/TouchGFX/gui/src/screen1_screen/Screen1View.cpp:86:6:void Screen1View::handleJoystickRight()	24	static
C:/TouchGFXProjects/2048_Game/TouchGFX/gui/src/screen1_screen/Screen1View.cpp:119:6:virtual void Screen1View::tickEvent()	24	static
C:/TouchGFXProjects/2048_Game/TouchGFX/gui/src/screen1_screen/Screen1View.cpp:18:6:virtual void Screen1View::setupScreen()	24	static
C:/TouchGFXProjects/2048_Game/TouchGFX/gui/src/screen1_screen/Screen1View.cpp:103:6:void Screen1View::handleResetGame()	16	static
C:/TouchGFXProjects/2048_Game/TouchGFX/gui/src/screen1_screen/Screen1View.cpp:13:13:void resetGameCallback()	0	static
C:/TouchGFXProjects/2048_Game/TouchGFX/gui/src/screen1_screen/Screen1View.cpp:116:6:virtual void Screen1View::handleTickEvent()	0	static
