../../Middlewares/ST/touchgfx/framework/include/touchgfx/Screen.hpp:104:18:virtual void touchgfx::Screen::afterTransition()	0	static
../../Middlewares/ST/touchgfx/framework/include/touchgfx/Screen.hpp:154:18:virtual void touchgfx::Screen::handleKeyEvent(uint8_t)	0	static
D:/Hust/2024_2/Embeded/2048-Remake/TouchGFX/gui/src/screen2_screen/Screen2View.cpp:41:6:virtual void Screen2View::tearDownScreen()	0	static
../../TouchGFX/gui/include/gui/screen2_screen/Screen2View.hpp:11:13:Screen2View::~Screen2View()	8	static
../../TouchGFX/gui/include/gui/screen2_screen/Screen2View.hpp:11:13:virtual Screen2View::~Screen2View()	8	static
D:/Hust/2024_2/Embeded/2048-Remake/TouchGFX/gui/src/screen2_screen/Screen2View.cpp:14:1:Screen2View::Screen2View()	8	static
D:/Hust/2024_2/Embeded/2048-Remake/TouchGFX/gui/src/screen2_screen/Screen2View.cpp:46:6:void Screen2View::setFinalScore(int)	120	static
D:/Hust/2024_2/Embeded/2048-Remake/TouchGFX/gui/src/screen2_screen/Screen2View.cpp:60:6:void Screen2View::setHighestScore(int)	120	static
D:/Hust/2024_2/Embeded/2048-Remake/TouchGFX/gui/src/screen2_screen/Screen2View.cpp:74:6:void Screen2View::setGameResult(bool)	152	static
D:/Hust/2024_2/Embeded/2048-Remake/TouchGFX/gui/src/screen2_screen/Screen2View.cpp:106:6:void Screen2View::handlePlayAgainButtonClicked()	2904	static
D:/Hust/2024_2/Embeded/2048-Remake/TouchGFX/gui/src/screen2_screen/Screen2View.cpp:135:6:virtual void Screen2View::tickEvent()	112	static
D:/Hust/2024_2/Embeded/2048-Remake/TouchGFX/gui/src/screen2_screen/Screen2View.cpp:19:6:virtual void Screen2View::setupScreen()	136	static
D:/Hust/2024_2/Embeded/2048-Remake/TouchGFX/gui/src/screen2_screen/Screen2View.cpp:128:6:virtual void Screen2View::handleTickEvent()	0	static
